Archive member included because of file (symbol)

/opt/local/lib/gcc/avr/4.7.2/avr5/libgcc.a(_exit.o)
                              /opt/local/lib/gcc/avr/4.7.2/../../../../avr/lib/avr5/crtm328p.o (exit)
/opt/local/lib/gcc/avr/4.7.2/avr5/libgcc.a(_clear_bss.o)
                              ./main.o (__do_clear_bss)
/opt/local/lib/gcc/avr/4.7.2/avr5/libgcc.a(_fixunssfsi.o)
                              ./main.o (__fixunssfsi)
/opt/local/lib/gcc/avr/4.7.2/avr5/libgcc.a(_addsub_sf.o)
                              /opt/local/lib/gcc/avr/4.7.2/avr5/libgcc.a(_fixunssfsi.o) (__subsf3)
/opt/local/lib/gcc/avr/4.7.2/avr5/libgcc.a(_mul_sf.o)
                              ./main.o (__mulsf3)
/opt/local/lib/gcc/avr/4.7.2/avr5/libgcc.a(_gt_sf.o)
                              ./main.o (__gtsf2)
/opt/local/lib/gcc/avr/4.7.2/avr5/libgcc.a(_ge_sf.o)
                              /opt/local/lib/gcc/avr/4.7.2/avr5/libgcc.a(_fixunssfsi.o) (__gesf2)
/opt/local/lib/gcc/avr/4.7.2/avr5/libgcc.a(_lt_sf.o)
                              ./main.o (__ltsf2)
/opt/local/lib/gcc/avr/4.7.2/avr5/libgcc.a(_sf_to_si.o)
                              /opt/local/lib/gcc/avr/4.7.2/avr5/libgcc.a(_fixunssfsi.o) (__fixsfsi)
/opt/local/lib/gcc/avr/4.7.2/avr5/libgcc.a(_thenan_sf.o)
                              /opt/local/lib/gcc/avr/4.7.2/avr5/libgcc.a(_addsub_sf.o) (__thenan_sf)
/opt/local/lib/gcc/avr/4.7.2/avr5/libgcc.a(_prologue.o)
                              /opt/local/lib/gcc/avr/4.7.2/avr5/libgcc.a(_addsub_sf.o) (__prologue_saves__)
/opt/local/lib/gcc/avr/4.7.2/avr5/libgcc.a(_epilogue.o)
                              /opt/local/lib/gcc/avr/4.7.2/avr5/libgcc.a(_addsub_sf.o) (__epilogue_restores__)
/opt/local/lib/gcc/avr/4.7.2/avr5/libgcc.a(_copy_data.o)
                              /opt/local/lib/gcc/avr/4.7.2/avr5/libgcc.a(_thenan_sf.o) (__do_copy_data)
/opt/local/lib/gcc/avr/4.7.2/avr5/libgcc.a(_pack_sf.o)
                              /opt/local/lib/gcc/avr/4.7.2/avr5/libgcc.a(_addsub_sf.o) (__pack_f)
/opt/local/lib/gcc/avr/4.7.2/avr5/libgcc.a(_unpack_sf.o)
                              /opt/local/lib/gcc/avr/4.7.2/avr5/libgcc.a(_addsub_sf.o) (__unpack_f)
/opt/local/lib/gcc/avr/4.7.2/avr5/libgcc.a(_fpcmp_parts_sf.o)
                              /opt/local/lib/gcc/avr/4.7.2/avr5/libgcc.a(_gt_sf.o) (__fpcmp_parts_f)

Allocating common symbols
Common symbol       size              file

j                   0x1               ./main.o

Memory Configuration

Name             Origin             Length             Attributes
text             0x0000000000000000 0x0000000000020000 xr
data             0x0000000000800060 0x000000000000ffa0 rw !x
eeprom           0x0000000000810000 0x0000000000010000 rw !x
fuse             0x0000000000820000 0x0000000000000400 rw !x
lock             0x0000000000830000 0x0000000000000400 rw !x
signature        0x0000000000840000 0x0000000000000400 rw !x
*default*        0x0000000000000000 0xffffffffffffffff

Linker script and memory map

Address of section .data set to 0x800100
LOAD /opt/local/lib/gcc/avr/4.7.2/../../../../avr/lib/avr5/crtm328p.o
LOAD ./main.o
LOAD /opt/local/lib/gcc/avr/4.7.2/avr5/libgcc.a
LOAD /opt/local/lib/gcc/avr/4.7.2/../../../../avr/lib/avr5/libc.a
LOAD /opt/local/lib/gcc/avr/4.7.2/avr5/libgcc.a

.hash
 *(.hash)

.dynsym
 *(.dynsym)

.dynstr
 *(.dynstr)

.gnu.version
 *(.gnu.version)

.gnu.version_d
 *(.gnu.version_d)

.gnu.version_r
 *(.gnu.version_r)

.rel.init
 *(.rel.init)

.rela.init
 *(.rela.init)

.rel.text
 *(.rel.text)
 *(.rel.text.*)
 *(.rel.gnu.linkonce.t*)

.rela.text
 *(.rela.text)
 *(.rela.text.*)
 *(.rela.gnu.linkonce.t*)

.rel.fini
 *(.rel.fini)

.rela.fini
 *(.rela.fini)

.rel.rodata
 *(.rel.rodata)
 *(.rel.rodata.*)
 *(.rel.gnu.linkonce.r*)

.rela.rodata
 *(.rela.rodata)
 *(.rela.rodata.*)
 *(.rela.gnu.linkonce.r*)

.rel.data
 *(.rel.data)
 *(.rel.data.*)
 *(.rel.gnu.linkonce.d*)

.rela.data
 *(.rela.data)
 *(.rela.data.*)
 *(.rela.gnu.linkonce.d*)

.rel.ctors
 *(.rel.ctors)

.rela.ctors
 *(.rela.ctors)

.rel.dtors
 *(.rel.dtors)

.rela.dtors
 *(.rela.dtors)

.rel.got
 *(.rel.got)

.rela.got
 *(.rela.got)

.rel.bss
 *(.rel.bss)

.rela.bss
 *(.rela.bss)

.rel.plt
 *(.rel.plt)

.rela.plt
 *(.rela.plt)

.text           0x0000000000000000      0xdca
 *(.vectors)
 .vectors       0x0000000000000000       0x68 /opt/local/lib/gcc/avr/4.7.2/../../../../avr/lib/avr5/crtm328p.o
                0x0000000000000000                __vectors
                0x0000000000000000                __vector_default
 *(.vectors)
 *(.progmem.gcc*)
                0x0000000000000068                . = ALIGN (0x2)
                0x0000000000000068                __trampolines_start = .
 *(.trampolines)
 .trampolines   0x0000000000000068        0x0 linker stubs
 *(.trampolines*)
                0x0000000000000068                __trampolines_end = .
 *(.progmem*)
                0x0000000000000068                . = ALIGN (0x2)
 *(.jumptables)
 *(.jumptables*)
 *(.lowtext)
 *(.lowtext*)
                0x0000000000000068                __ctors_start = .
 *(.ctors)
                0x0000000000000068                __ctors_end = .
                0x0000000000000068                __dtors_start = .
 *(.dtors)
                0x0000000000000068                __dtors_end = .
 SORT(*)(.ctors)
 SORT(*)(.dtors)
 *(.init0)
 .init0         0x0000000000000068        0x0 /opt/local/lib/gcc/avr/4.7.2/../../../../avr/lib/avr5/crtm328p.o
                0x0000000000000068                __init
 *(.init0)
 *(.init1)
 *(.init1)
 *(.init2)
 .init2         0x0000000000000068        0xc /opt/local/lib/gcc/avr/4.7.2/../../../../avr/lib/avr5/crtm328p.o
 *(.init2)
 *(.init3)
 *(.init3)
 *(.init4)
 .init4         0x0000000000000074       0x10 /opt/local/lib/gcc/avr/4.7.2/avr5/libgcc.a(_clear_bss.o)
                0x0000000000000074                __do_clear_bss
 .init4         0x0000000000000084       0x16 /opt/local/lib/gcc/avr/4.7.2/avr5/libgcc.a(_copy_data.o)
                0x0000000000000084                __do_copy_data
 *(.init4)
 *(.init5)
 *(.init5)
 *(.init6)
 *(.init6)
 *(.init7)
 *(.init7)
 *(.init8)
 *(.init8)
 *(.init9)
 .init9         0x000000000000009a        0x8 /opt/local/lib/gcc/avr/4.7.2/../../../../avr/lib/avr5/crtm328p.o
 *(.init9)
 *(.text)
 .text          0x00000000000000a2        0x4 /opt/local/lib/gcc/avr/4.7.2/../../../../avr/lib/avr5/crtm328p.o
                0x00000000000000a2                __vector_20
                0x00000000000000a2                __vector_1
                0x00000000000000a2                __vector_24
                0x00000000000000a2                __vector_12
                0x00000000000000a2                __bad_interrupt
                0x00000000000000a2                __vector_6
                0x00000000000000a2                __vector_3
                0x00000000000000a2                __vector_23
                0x00000000000000a2                __vector_25
                0x00000000000000a2                __vector_11
                0x00000000000000a2                __vector_13
                0x00000000000000a2                __vector_17
                0x00000000000000a2                __vector_19
                0x00000000000000a2                __vector_7
                0x00000000000000a2                __vector_5
                0x00000000000000a2                __vector_4
                0x00000000000000a2                __vector_9
                0x00000000000000a2                __vector_2
                0x00000000000000a2                __vector_21
                0x00000000000000a2                __vector_15
                0x00000000000000a2                __vector_8
                0x00000000000000a2                __vector_14
                0x00000000000000a2                __vector_10
                0x00000000000000a2                __vector_16
                0x00000000000000a2                __vector_18
                0x00000000000000a2                __vector_22
 .text          0x00000000000000a6        0x0 ./main.o
 .text          0x00000000000000a6        0x0 /opt/local/lib/gcc/avr/4.7.2/avr5/libgcc.a(_exit.o)
 .text          0x00000000000000a6        0x0 /opt/local/lib/gcc/avr/4.7.2/avr5/libgcc.a(_clear_bss.o)
 .text          0x00000000000000a6       0x5a /opt/local/lib/gcc/avr/4.7.2/avr5/libgcc.a(_fixunssfsi.o)
                0x00000000000000a6                __fixunssfsi
 .text          0x0000000000000100      0x370 /opt/local/lib/gcc/avr/4.7.2/avr5/libgcc.a(_addsub_sf.o)
                0x00000000000003b8                __addsf3
                0x0000000000000410                __subsf3
 .text          0x0000000000000470      0x1ca /opt/local/lib/gcc/avr/4.7.2/avr5/libgcc.a(_mul_sf.o)
                0x0000000000000470                __mulsf3
 .text          0x000000000000063a       0x5e /opt/local/lib/gcc/avr/4.7.2/avr5/libgcc.a(_gt_sf.o)
                0x000000000000063a                __gtsf2
 .text          0x0000000000000698       0x5e /opt/local/lib/gcc/avr/4.7.2/avr5/libgcc.a(_ge_sf.o)
                0x0000000000000698                __gesf2
 .text          0x00000000000006f6       0x5e /opt/local/lib/gcc/avr/4.7.2/avr5/libgcc.a(_lt_sf.o)
                0x00000000000006f6                __ltsf2
 .text          0x0000000000000754       0x9e /opt/local/lib/gcc/avr/4.7.2/avr5/libgcc.a(_sf_to_si.o)
                0x0000000000000754                __fixsfsi
 .text          0x00000000000007f2        0x0 /opt/local/lib/gcc/avr/4.7.2/avr5/libgcc.a(_thenan_sf.o)
 .text          0x00000000000007f2        0x0 /opt/local/lib/gcc/avr/4.7.2/avr5/libgcc.a(_prologue.o)
 .text          0x00000000000007f2        0x0 /opt/local/lib/gcc/avr/4.7.2/avr5/libgcc.a(_epilogue.o)
 .text          0x00000000000007f2        0x0 /opt/local/lib/gcc/avr/4.7.2/avr5/libgcc.a(_copy_data.o)
 .text          0x00000000000007f2      0x194 /opt/local/lib/gcc/avr/4.7.2/avr5/libgcc.a(_pack_sf.o)
                0x00000000000007f2                __pack_f
 .text          0x0000000000000986       0xde /opt/local/lib/gcc/avr/4.7.2/avr5/libgcc.a(_unpack_sf.o)
                0x0000000000000986                __unpack_f
 .text          0x0000000000000a64       0xc2 /opt/local/lib/gcc/avr/4.7.2/avr5/libgcc.a(_fpcmp_parts_sf.o)
                0x0000000000000a64                __fpcmp_parts_f
                0x0000000000000b26                . = ALIGN (0x2)
 *(.text.*)
 .text.init     0x0000000000000b26       0x5a ./main.o
                0x0000000000000b26                init
 .text.chkpgm   0x0000000000000b80       0x3c ./main.o
                0x0000000000000b80                chkpgm
 .text.loop     0x0000000000000bbc      0x18a ./main.o
                0x0000000000000bbc                loop
 .text.main     0x0000000000000d46       0x12 ./main.o
                0x0000000000000d46                main
 .text.libgcc.mul
                0x0000000000000d58        0x0 /opt/local/lib/gcc/avr/4.7.2/avr5/libgcc.a(_exit.o)
 .text.libgcc.div
                0x0000000000000d58        0x0 /opt/local/lib/gcc/avr/4.7.2/avr5/libgcc.a(_exit.o)
 .text.libgcc   0x0000000000000d58        0x0 /opt/local/lib/gcc/avr/4.7.2/avr5/libgcc.a(_exit.o)
 .text.libgcc.prologue
                0x0000000000000d58        0x0 /opt/local/lib/gcc/avr/4.7.2/avr5/libgcc.a(_exit.o)
 .text.libgcc.builtins
                0x0000000000000d58        0x0 /opt/local/lib/gcc/avr/4.7.2/avr5/libgcc.a(_exit.o)
 .text.libgcc.fmul
                0x0000000000000d58        0x0 /opt/local/lib/gcc/avr/4.7.2/avr5/libgcc.a(_exit.o)
 .text.libgcc.mul
                0x0000000000000d58        0x0 /opt/local/lib/gcc/avr/4.7.2/avr5/libgcc.a(_clear_bss.o)
 .text.libgcc.div
                0x0000000000000d58        0x0 /opt/local/lib/gcc/avr/4.7.2/avr5/libgcc.a(_clear_bss.o)
 .text.libgcc   0x0000000000000d58        0x0 /opt/local/lib/gcc/avr/4.7.2/avr5/libgcc.a(_clear_bss.o)
 .text.libgcc.prologue
                0x0000000000000d58        0x0 /opt/local/lib/gcc/avr/4.7.2/avr5/libgcc.a(_clear_bss.o)
 .text.libgcc.builtins
                0x0000000000000d58        0x0 /opt/local/lib/gcc/avr/4.7.2/avr5/libgcc.a(_clear_bss.o)
 .text.libgcc.fmul
                0x0000000000000d58        0x0 /opt/local/lib/gcc/avr/4.7.2/avr5/libgcc.a(_clear_bss.o)
 .text.libgcc.mul
                0x0000000000000d58        0x0 /opt/local/lib/gcc/avr/4.7.2/avr5/libgcc.a(_prologue.o)
 .text.libgcc.div
                0x0000000000000d58        0x0 /opt/local/lib/gcc/avr/4.7.2/avr5/libgcc.a(_prologue.o)
 .text.libgcc   0x0000000000000d58        0x0 /opt/local/lib/gcc/avr/4.7.2/avr5/libgcc.a(_prologue.o)
 .text.libgcc.prologue
                0x0000000000000d58       0x38 /opt/local/lib/gcc/avr/4.7.2/avr5/libgcc.a(_prologue.o)
                0x0000000000000d58                __prologue_saves__
 .text.libgcc.builtins
                0x0000000000000d90        0x0 /opt/local/lib/gcc/avr/4.7.2/avr5/libgcc.a(_prologue.o)
 .text.libgcc.fmul
                0x0000000000000d90        0x0 /opt/local/lib/gcc/avr/4.7.2/avr5/libgcc.a(_prologue.o)
 .text.libgcc.mul
                0x0000000000000d90        0x0 /opt/local/lib/gcc/avr/4.7.2/avr5/libgcc.a(_epilogue.o)
 .text.libgcc.div
                0x0000000000000d90        0x0 /opt/local/lib/gcc/avr/4.7.2/avr5/libgcc.a(_epilogue.o)
 .text.libgcc   0x0000000000000d90        0x0 /opt/local/lib/gcc/avr/4.7.2/avr5/libgcc.a(_epilogue.o)
 .text.libgcc.prologue
                0x0000000000000d90       0x36 /opt/local/lib/gcc/avr/4.7.2/avr5/libgcc.a(_epilogue.o)
                0x0000000000000d90                __epilogue_restores__
 .text.libgcc.builtins
                0x0000000000000dc6        0x0 /opt/local/lib/gcc/avr/4.7.2/avr5/libgcc.a(_epilogue.o)
 .text.libgcc.fmul
                0x0000000000000dc6        0x0 /opt/local/lib/gcc/avr/4.7.2/avr5/libgcc.a(_epilogue.o)
 .text.libgcc.mul
                0x0000000000000dc6        0x0 /opt/local/lib/gcc/avr/4.7.2/avr5/libgcc.a(_copy_data.o)
 .text.libgcc.div
                0x0000000000000dc6        0x0 /opt/local/lib/gcc/avr/4.7.2/avr5/libgcc.a(_copy_data.o)
 .text.libgcc   0x0000000000000dc6        0x0 /opt/local/lib/gcc/avr/4.7.2/avr5/libgcc.a(_copy_data.o)
 .text.libgcc.prologue
                0x0000000000000dc6        0x0 /opt/local/lib/gcc/avr/4.7.2/avr5/libgcc.a(_copy_data.o)
 .text.libgcc.builtins
                0x0000000000000dc6        0x0 /opt/local/lib/gcc/avr/4.7.2/avr5/libgcc.a(_copy_data.o)
 .text.libgcc.fmul
                0x0000000000000dc6        0x0 /opt/local/lib/gcc/avr/4.7.2/avr5/libgcc.a(_copy_data.o)
                0x0000000000000dc6                . = ALIGN (0x2)
 *(.fini9)
 .fini9         0x0000000000000dc6        0x0 /opt/local/lib/gcc/avr/4.7.2/avr5/libgcc.a(_exit.o)
                0x0000000000000dc6                exit
                0x0000000000000dc6                _exit
 *(.fini9)
 *(.fini8)
 *(.fini8)
 *(.fini7)
 *(.fini7)
 *(.fini6)
 *(.fini6)
 *(.fini5)
 *(.fini5)
 *(.fini4)
 *(.fini4)
 *(.fini3)
 *(.fini3)
 *(.fini2)
 *(.fini2)
 *(.fini1)
 *(.fini1)
 *(.fini0)
 .fini0         0x0000000000000dc6        0x4 /opt/local/lib/gcc/avr/4.7.2/avr5/libgcc.a(_exit.o)
 *(.fini0)
                0x0000000000000dca                _etext = .

.data           0x0000000000800100        0x8 load address 0x0000000000000dca
                0x0000000000800100                PROVIDE (__data_start, .)
 *(.data)
 .data          0x0000000000800100        0x0 /opt/local/lib/gcc/avr/4.7.2/../../../../avr/lib/avr5/crtm328p.o
 .data          0x0000000000800100        0x0 ./main.o
 .data          0x0000000000800100        0x0 /opt/local/lib/gcc/avr/4.7.2/avr5/libgcc.a(_exit.o)
 .data          0x0000000000800100        0x0 /opt/local/lib/gcc/avr/4.7.2/avr5/libgcc.a(_clear_bss.o)
 .data          0x0000000000800100        0x0 /opt/local/lib/gcc/avr/4.7.2/avr5/libgcc.a(_fixunssfsi.o)
 .data          0x0000000000800100        0x0 /opt/local/lib/gcc/avr/4.7.2/avr5/libgcc.a(_addsub_sf.o)
 .data          0x0000000000800100        0x0 /opt/local/lib/gcc/avr/4.7.2/avr5/libgcc.a(_mul_sf.o)
 .data          0x0000000000800100        0x0 /opt/local/lib/gcc/avr/4.7.2/avr5/libgcc.a(_gt_sf.o)
 .data          0x0000000000800100        0x0 /opt/local/lib/gcc/avr/4.7.2/avr5/libgcc.a(_ge_sf.o)
 .data          0x0000000000800100        0x0 /opt/local/lib/gcc/avr/4.7.2/avr5/libgcc.a(_lt_sf.o)
 .data          0x0000000000800100        0x0 /opt/local/lib/gcc/avr/4.7.2/avr5/libgcc.a(_sf_to_si.o)
 .data          0x0000000000800100        0x0 /opt/local/lib/gcc/avr/4.7.2/avr5/libgcc.a(_thenan_sf.o)
 .data          0x0000000000800100        0x0 /opt/local/lib/gcc/avr/4.7.2/avr5/libgcc.a(_prologue.o)
 .data          0x0000000000800100        0x0 /opt/local/lib/gcc/avr/4.7.2/avr5/libgcc.a(_epilogue.o)
 .data          0x0000000000800100        0x0 /opt/local/lib/gcc/avr/4.7.2/avr5/libgcc.a(_copy_data.o)
 .data          0x0000000000800100        0x0 /opt/local/lib/gcc/avr/4.7.2/avr5/libgcc.a(_pack_sf.o)
 .data          0x0000000000800100        0x0 /opt/local/lib/gcc/avr/4.7.2/avr5/libgcc.a(_unpack_sf.o)
 .data          0x0000000000800100        0x0 /opt/local/lib/gcc/avr/4.7.2/avr5/libgcc.a(_fpcmp_parts_sf.o)
 *(.data*)
 *(.rodata)
 .rodata        0x0000000000800100        0x8 /opt/local/lib/gcc/avr/4.7.2/avr5/libgcc.a(_thenan_sf.o)
                0x0000000000800100                __thenan_sf
 *(.rodata*)
 *(.gnu.linkonce.d*)
                0x0000000000800108                . = ALIGN (0x2)
                0x0000000000800108                _edata = .
                0x0000000000800108                PROVIDE (__data_end, .)

.bss            0x0000000000800108        0x1
                0x0000000000800108                PROVIDE (__bss_start, .)
 *(.bss)
 .bss           0x0000000000800108        0x0 /opt/local/lib/gcc/avr/4.7.2/../../../../avr/lib/avr5/crtm328p.o
 .bss           0x0000000000800108        0x0 ./main.o
 .bss           0x0000000000800108        0x0 /opt/local/lib/gcc/avr/4.7.2/avr5/libgcc.a(_exit.o)
 .bss           0x0000000000800108        0x0 /opt/local/lib/gcc/avr/4.7.2/avr5/libgcc.a(_clear_bss.o)
 .bss           0x0000000000800108        0x0 /opt/local/lib/gcc/avr/4.7.2/avr5/libgcc.a(_fixunssfsi.o)
 .bss           0x0000000000800108        0x0 /opt/local/lib/gcc/avr/4.7.2/avr5/libgcc.a(_addsub_sf.o)
 .bss           0x0000000000800108        0x0 /opt/local/lib/gcc/avr/4.7.2/avr5/libgcc.a(_mul_sf.o)
 .bss           0x0000000000800108        0x0 /opt/local/lib/gcc/avr/4.7.2/avr5/libgcc.a(_gt_sf.o)
 .bss           0x0000000000800108        0x0 /opt/local/lib/gcc/avr/4.7.2/avr5/libgcc.a(_ge_sf.o)
 .bss           0x0000000000800108        0x0 /opt/local/lib/gcc/avr/4.7.2/avr5/libgcc.a(_lt_sf.o)
 .bss           0x0000000000800108        0x0 /opt/local/lib/gcc/avr/4.7.2/avr5/libgcc.a(_sf_to_si.o)
 .bss           0x0000000000800108        0x0 /opt/local/lib/gcc/avr/4.7.2/avr5/libgcc.a(_thenan_sf.o)
 .bss           0x0000000000800108        0x0 /opt/local/lib/gcc/avr/4.7.2/avr5/libgcc.a(_prologue.o)
 .bss           0x0000000000800108        0x0 /opt/local/lib/gcc/avr/4.7.2/avr5/libgcc.a(_epilogue.o)
 .bss           0x0000000000800108        0x0 /opt/local/lib/gcc/avr/4.7.2/avr5/libgcc.a(_copy_data.o)
 .bss           0x0000000000800108        0x0 /opt/local/lib/gcc/avr/4.7.2/avr5/libgcc.a(_pack_sf.o)
 .bss           0x0000000000800108        0x0 /opt/local/lib/gcc/avr/4.7.2/avr5/libgcc.a(_unpack_sf.o)
 .bss           0x0000000000800108        0x0 /opt/local/lib/gcc/avr/4.7.2/avr5/libgcc.a(_fpcmp_parts_sf.o)
 *(.bss*)
 *(COMMON)
 COMMON         0x0000000000800108        0x1 ./main.o
                0x0000000000800108                j
                0x0000000000800109                PROVIDE (__bss_end, .)
                0x0000000000000dca                __data_load_start = LOADADDR (.data)
                0x0000000000000dd2                __data_load_end = (__data_load_start + SIZEOF (.data))

.noinit         0x0000000000800109        0x0
                0x0000000000800109                PROVIDE (__noinit_start, .)
 *(.noinit*)
                0x0000000000800109                PROVIDE (__noinit_end, .)
                0x0000000000800109                _end = .
                0x0000000000800109                PROVIDE (__heap_start, .)

.eeprom         0x0000000000810000        0x0
 *(.eeprom*)
                0x0000000000810000                __eeprom_end = .

.fuse
 *(.fuse)
 *(.lfuse)
 *(.hfuse)
 *(.efuse)

.lock
 *(.lock*)

.signature
 *(.signature*)

.stab           0x0000000000000000     0x36b4
 *(.stab)
 .stab          0x0000000000000000      0x6cc /opt/local/lib/gcc/avr/4.7.2/../../../../avr/lib/avr5/crtm328p.o
 .stab          0x00000000000006cc      0x5f4 ./main.o
                                        0x600 (size before relaxing)
 .stab          0x0000000000000cc0       0x6c /opt/local/lib/gcc/avr/4.7.2/avr5/libgcc.a(_exit.o)
                                         0x78 (size before relaxing)
 .stab          0x0000000000000d2c       0xb4 /opt/local/lib/gcc/avr/4.7.2/avr5/libgcc.a(_clear_bss.o)
                                         0xc0 (size before relaxing)
 .stab          0x0000000000000de0      0x438 /opt/local/lib/gcc/avr/4.7.2/avr5/libgcc.a(_fixunssfsi.o)
                                        0x444 (size before relaxing)
 .stab          0x0000000000001218      0x768 /opt/local/lib/gcc/avr/4.7.2/avr5/libgcc.a(_addsub_sf.o)
                                        0x8f4 (size before relaxing)
 .stab          0x0000000000001980      0x4ec /opt/local/lib/gcc/avr/4.7.2/avr5/libgcc.a(_mul_sf.o)
                                        0x768 (size before relaxing)
 .stab          0x0000000000001e6c      0x258 /opt/local/lib/gcc/avr/4.7.2/avr5/libgcc.a(_gt_sf.o)
                                        0x4d4 (size before relaxing)
 .stab          0x00000000000020c4      0x258 /opt/local/lib/gcc/avr/4.7.2/avr5/libgcc.a(_ge_sf.o)
                                        0x4d4 (size before relaxing)
 .stab          0x000000000000231c      0x258 /opt/local/lib/gcc/avr/4.7.2/avr5/libgcc.a(_lt_sf.o)
                                        0x4d4 (size before relaxing)
 .stab          0x0000000000002574      0x27c /opt/local/lib/gcc/avr/4.7.2/avr5/libgcc.a(_sf_to_si.o)
                                        0x4f8 (size before relaxing)
 .stab          0x00000000000027f0      0x15c /opt/local/lib/gcc/avr/4.7.2/avr5/libgcc.a(_thenan_sf.o)
                                        0x3d8 (size before relaxing)
 .stab          0x000000000000294c      0x1a4 /opt/local/lib/gcc/avr/4.7.2/avr5/libgcc.a(_prologue.o)
                                        0x1b0 (size before relaxing)
 .stab          0x0000000000002af0      0x1a4 /opt/local/lib/gcc/avr/4.7.2/avr5/libgcc.a(_epilogue.o)
                                        0x1b0 (size before relaxing)
 .stab          0x0000000000002c94       0xd8 /opt/local/lib/gcc/avr/4.7.2/avr5/libgcc.a(_copy_data.o)
                                         0xe4 (size before relaxing)
 .stab          0x0000000000002d6c      0x39c /opt/local/lib/gcc/avr/4.7.2/avr5/libgcc.a(_pack_sf.o)
                                        0x618 (size before relaxing)
 .stab          0x0000000000003108      0x2e8 /opt/local/lib/gcc/avr/4.7.2/avr5/libgcc.a(_unpack_sf.o)
                                        0x564 (size before relaxing)
 .stab          0x00000000000033f0      0x2c4 /opt/local/lib/gcc/avr/4.7.2/avr5/libgcc.a(_fpcmp_parts_sf.o)
                                        0x540 (size before relaxing)

.stabstr        0x0000000000000000     0x7c2b
 *(.stabstr)
 .stabstr       0x0000000000000000     0x7c2b /opt/local/lib/gcc/avr/4.7.2/../../../../avr/lib/avr5/crtm328p.o

.stab.excl
 *(.stab.excl)

.stab.exclstr
 *(.stab.exclstr)

.stab.index
 *(.stab.index)

.stab.indexstr
 *(.stab.indexstr)

.comment        0x0000000000000000       0x11
 *(.comment)
 .comment       0x0000000000000000       0x11 ./main.o
                                         0x12 (size before relaxing)
 .comment       0x0000000000000000       0x12 /opt/local/lib/gcc/avr/4.7.2/avr5/libgcc.a(_fixunssfsi.o)
 .comment       0x0000000000000000       0x12 /opt/local/lib/gcc/avr/4.7.2/avr5/libgcc.a(_addsub_sf.o)
 .comment       0x0000000000000000       0x12 /opt/local/lib/gcc/avr/4.7.2/avr5/libgcc.a(_mul_sf.o)
 .comment       0x0000000000000000       0x12 /opt/local/lib/gcc/avr/4.7.2/avr5/libgcc.a(_gt_sf.o)
 .comment       0x0000000000000000       0x12 /opt/local/lib/gcc/avr/4.7.2/avr5/libgcc.a(_ge_sf.o)
 .comment       0x0000000000000000       0x12 /opt/local/lib/gcc/avr/4.7.2/avr5/libgcc.a(_lt_sf.o)
 .comment       0x0000000000000000       0x12 /opt/local/lib/gcc/avr/4.7.2/avr5/libgcc.a(_sf_to_si.o)
 .comment       0x0000000000000000       0x12 /opt/local/lib/gcc/avr/4.7.2/avr5/libgcc.a(_thenan_sf.o)
 .comment       0x0000000000000000       0x12 /opt/local/lib/gcc/avr/4.7.2/avr5/libgcc.a(_pack_sf.o)
 .comment       0x0000000000000000       0x12 /opt/local/lib/gcc/avr/4.7.2/avr5/libgcc.a(_unpack_sf.o)
 .comment       0x0000000000000000       0x12 /opt/local/lib/gcc/avr/4.7.2/avr5/libgcc.a(_fpcmp_parts_sf.o)

.note.gnu.build-id
 *(.note.gnu.build-id)

.debug
 *(.debug)

.line
 *(.line)

.debug_srcinfo
 *(.debug_srcinfo)

.debug_sfnames
 *(.debug_sfnames)

.debug_aranges
 *(.debug_aranges)

.debug_pubnames
 *(.debug_pubnames)

.debug_info
 *(.debug_info .gnu.linkonce.wi.*)

.debug_abbrev
 *(.debug_abbrev)

.debug_line
 *(.debug_line .debug_line.* .debug_line_end)

.debug_frame
 *(.debug_frame)

.debug_str
 *(.debug_str)

.debug_loc
 *(.debug_loc)

.debug_macinfo
 *(.debug_macinfo)

.debug_weaknames
 *(.debug_weaknames)

.debug_funcnames
 *(.debug_funcnames)

.debug_typenames
 *(.debug_typenames)

.debug_varnames
 *(.debug_varnames)

.debug_pubtypes
 *(.debug_pubtypes)

.debug_ranges
 *(.debug_ranges)

.debug_macro
 *(.debug_macro)
OUTPUT(pomodoro_clock.elf elf32-avr)
LOAD linker stubs
